------------------------------------------------------------
Timing Analyzer Summary
------------------------------------------------------------

Type  : Slow 1100mV 85C Model Setup 'clk'
Slack : -1.107
TNS   : -2.851

Type  : Slow 1100mV 85C Model Hold 'clk'
Slack : 0.362
TNS   : 0.000

Type  : Slow 1100mV 85C Model Minimum Pulse Width 'clk'
Slack : -0.724
TNS   : -6.646

Type  : Slow 1100mV 0C Model Setup 'clk'
Slack : -1.183
TNS   : -3.274

Type  : Slow 1100mV 0C Model Hold 'clk'
Slack : 0.342
TNS   : 0.000

Type  : Slow 1100mV 0C Model Minimum Pulse Width 'clk'
Slack : -0.724
TNS   : -6.766

Type  : Fast 1100mV 85C Model Setup 'clk'
Slack : 0.153
TNS   : 0.000

Type  : Fast 1100mV 85C Model Hold 'clk'
Slack : 0.166
TNS   : 0.000

Type  : Fast 1100mV 85C Model Minimum Pulse Width 'clk'
Slack : -0.079
TNS   : -0.472

Type  : Fast 1100mV 0C Model Setup 'clk'
Slack : 0.195
TNS   : 0.000

Type  : Fast 1100mV 0C Model Hold 'clk'
Slack : 0.149
TNS   : 0.000

Type  : Fast 1100mV 0C Model Minimum Pulse Width 'clk'
Slack : -0.080
TNS   : -0.476

------------------------------------------------------------
